Opening foo/bar/hi.txt...
hi.txt: 5
Opening baz/wibble/bye.txt...
bye.txt: 6
